待补日期 (1 天): ['2026-05-26']

============================================================
  补同步: 2026-05-26
============================================================
  当天有交易 5552 只，已有资金流 0 只，需补 5552 只
    000001 失败: curl 请求失败
    000006 失败: curl 请求失败
    000007 失败: curl 请求失败

    [!] 连续 3 次失败（IP可能被封），冷却 185s ...

    000008 失败: curl 请求失败
    000009 失败: curl 请求失败

    [!] 连续 3 次失败（IP可能被封），冷却 183s ...


    [!] 连续 3 次失败（IP可能被封），冷却 204s ...

    批次暂停 135s（已处理 10 只）...

    [!] 连续 3 次失败（IP可能被封），冷却 183s ...


    [!] 连续 3 次失败（IP可能被封），冷却 180s ...


    [!] 连续 3 次失败（IP可能被封），冷却 193s ...

    批次暂停 129s（已处理 20 只）...

    [!] 连续 3 次失败（IP可能被封），冷却 183s ...


    [!] 连续 3 次失败（IP可能被封），冷却 200s ...


    [!] 连续 3 次失败（IP可能被封），冷却 183s ...


    [!] 连续 3 次失败（IP可能被封），冷却 198s ...

    批次暂停 125s（已处理 30 只）...

    [!] 连续 3 次失败（IP可能被封），冷却 204s ...


    [!] 连续 3 次失败（IP可能被封），冷却 201s ...


    [!] 连续 3 次失败（IP可能被封），冷却 185s ...

    批次暂停 131s（已处理 40 只）...

    [!] 连续 3 次失败（IP可能被封），冷却 181s ...


    [!] 连续 3 次失败（IP可能被封），冷却 199s ...


    [!] 连续 3 次失败（IP可能被封），冷却 207s ...

    进度: 50/5552  成功=0  失败=50  无数据=0  已用 4112s  预计还需 452511s
    批次暂停 139s（已处理 50 只）...

    [!] 连续 3 次失败（IP可能被封），冷却 202s ...


    [!] 连续 3 次失败（IP可能被封），冷却 205s ...


    [!] 连续 3 次失败（IP可能被封），冷却 198s ...


    [!] 连续 3 次失败（IP可能被封），冷却 199s ...

    批次暂停 126s（已处理 60 只）...

    [!] 连续 3 次失败（IP可能被封），冷却 208s ...


    [!] 连续 3 次失败（IP可能被封），冷却 189s ...


    [!] 连续 3 次失败（IP可能被封），冷却 186s ...

    批次暂停 121s（已处理 70 只）...

    [!] 连续 3 次失败（IP可能被封），冷却 183s ...


    [!] 连续 3 次失败（IP可能被封），冷却 182s ...


    [!] 连续 3 次失败（IP可能被封），冷却 183s ...

    批次暂停 133s（已处理 80 只）...

    [!] 连续 3 次失败（IP可能被封），冷却 185s ...


    [!] 连续 3 次失败（IP可能被封），冷却 191s ...


    [!] 连续 3 次失败（IP可能被封），冷却 203s ...


    [!] 连续 3 次失败（IP可能被封），冷却 182s ...

    批次暂停 123s（已处理 90 只）...

    [!] 连续 3 次失败（IP可能被封），冷却 183s ...


    [!] 连续 3 次失败（IP可能被封），冷却 199s ...


    [!] 连续 3 次失败（IP可能被封），冷却 193s ...

    进度: 100/5552  成功=0  失败=100  无数据=0  已用 8539s  预计还需 465554s
    批次暂停 125s（已处理 100 只）...

    [!] 连续 3 次失败（IP可能被封），冷却 193s ...


    [!] 连续 3 次失败（IP可能被封），冷却 188s ...


    [!] 连续 3 次失败（IP可能被封），冷却 191s ...

    批次暂停 132s（已处理 110 只）...

    [!] 连续 3 次失败（IP可能被封），冷却 194s ...


    [!] 连续 3 次失败（IP可能被封），冷却 183s ...


    [!] 连续 3 次失败（IP可能被封），冷却 201s ...


    [!] 连续 3 次失败（IP可能被封），冷却 190s ...

    批次暂停 127s（已处理 120 只）...

    [!] 连续 3 次失败（IP可能被封），冷却 208s ...


    [!] 连续 3 次失败（IP可能被封），冷却 206s ...


    [!] 连续 3 次失败（IP可能被封），冷却 182s ...

    批次暂停 128s（已处理 130 只）...

    [!] 连续 3 次失败（IP可能被封），冷却 195s ...


    [!] 连续 3 次失败（IP可能被封），冷却 184s ...


    [!] 连续 3 次失败（IP可能被封），冷却 189s ...

    批次暂停 127s（已处理 140 只）...

    [!] 连续 3 次失败（IP可能被封），冷却 195s ...


    [!] 连续 3 次失败（IP可能被封），冷却 190s ...


    [!] 连续 3 次失败（IP可能被封），冷却 195s ...


    [!] 连续 3 次失败（IP可能被封），冷却 207s ...

    进度: 150/5552  成功=0  失败=150  无数据=0  已用 12992s  预计还需 467896s
    批次暂停 137s（已处理 150 只）...

    [!] 连续 3 次失败（IP可能被封），冷却 194s ...


    [!] 连续 3 次失败（IP可能被封），冷却 207s ...


    [!] 连续 3 次失败（IP可能被封），冷却 206s ...

    批次暂停 127s（已处理 160 只）...

    [!] 连续 3 次失败（IP可能被封），冷却 195s ...


    [!] 连续 3 次失败（IP可能被封），冷却 183s ...

    批次暂停 130s（已处理 170 只）...

    [!] 连续 3 次失败（IP可能被封），冷却 188s ...


    [!] 连续 3 次失败（IP可能被封），冷却 188s ...


    [!] 连续 3 次失败（IP可能被封），冷却 193s ...

    批次暂停 121s（已处理 180 只）...

    [!] 连续 3 次失败（IP可能被封），冷却 202s ...


    [!] 连续 3 次失败（IP可能被封），冷却 203s ...


    [!] 连续 3 次失败（IP可能被封），冷却 210s ...


    [!] 连续 3 次失败（IP可能被封），冷却 205s ...

    批次暂停 121s（已处理 190 只）...

    [!] 连续 3 次失败（IP可能被封），冷却 209s ...


    [!] 连续 3 次失败（IP可能被封），冷却 198s ...


    [!] 连续 3 次失败（IP可能被封），冷却 198s ...

    进度: 200/5552  成功=2  失败=198  无数据=0  已用 17115s  预计还需 457996s
    批次暂停 123s（已处理 200 只）...

    [!] 连续 3 次失败（IP可能被封），冷却 201s ...


    [!] 连续 3 次失败（IP可能被封），冷却 210s ...


    [!] 连续 3 次失败（IP可能被封），冷却 202s ...

    批次暂停 124s（已处理 210 只）...

    [!] 连续 3 次失败（IP可能被封），冷却 203s ...


    [!] 连续 3 次失败（IP可能被封），冷却 207s ...


    [!] 连续 3 次失败（IP可能被封），冷却 187s ...


    [!] 连续 3 次失败（IP可能被封），冷却 202s ...

    批次暂停 132s（已处理 220 只）...

    [!] 连续 3 次失败（IP可能被封），冷却 189s ...


    [!] 连续 3 次失败（IP可能被封），冷却 181s ...


    [!] 连续 3 次失败（IP可能被封），冷却 185s ...

    批次暂停 134s（已处理 230 只）...

    [!] 连续 3 次失败（IP可能被封），冷却 207s ...


    [!] 连续 3 次失败（IP可能被封），冷却 188s ...


    [!] 连续 3 次失败（IP可能被封），冷却 191s ...

    批次暂停 139s（已处理 240 只）...

    [!] 连续 3 次失败（IP可能被封），冷却 201s ...


    [!] 连续 3 次失败（IP可能被封），冷却 196s ...


    [!] 连续 3 次失败（IP可能被封），冷却 194s ...


    [!] 连续 3 次失败（IP可能被封），冷却 196s ...

    进度: 250/5552  成功=2  失败=248  无数据=0  已用 21627s  预计还需 458657s
    批次暂停 131s（已处理 250 只）...

    [!] 连续 3 次失败（IP可能被封），冷却 193s ...


    [!] 连续 3 次失败（IP可能被封），冷却 196s ...


    [!] 连续 3 次失败（IP可能被封），冷却 202s ...

    批次暂停 136s（已处理 260 只）...

    [!] 连续 3 次失败（IP可能被封），冷却 186s ...


    [!] 连续 3 次失败（IP可能被封），冷却 183s ...


    [!] 连续 3 次失败（IP可能被封），冷却 202s ...

    批次暂停 122s（已处理 270 只）...

    [!] 连续 3 次失败（IP可能被封），冷却 199s ...


    [!] 连续 3 次失败（IP可能被封），冷却 198s ...


    [!] 连续 3 次失败（IP可能被封），冷却 193s ...


    [!] 连续 3 次失败（IP可能被封），冷却 199s ...

    批次暂停 126s（已处理 280 只）...

    [!] 连续 3 次失败（IP可能被封），冷却 196s ...


    [!] 连续 3 次失败（IP可能被封），冷却 195s ...


    [!] 连续 3 次失败（IP可能被封），冷却 198s ...

    批次暂停 130s（已处理 290 只）...

    [!] 连续 3 次失败（IP可能被封），冷却 195s ...


    [!] 连续 3 次失败（IP可能被封），冷却 183s ...


    [!] 连续 3 次失败（IP可能被封），冷却 183s ...

    进度: 300/5552  成功=2  失败=298  无数据=0  已用 25888s  预计还需 453219s
    批次暂停 135s（已处理 300 只）...

    [!] 连续 3 次失败（IP可能被封），冷却 185s ...


    [!] 连续 3 次失败（IP可能被封），冷却 186s ...


    [!] 连续 3 次失败（IP可能被封），冷却 182s ...


    [!] 连续 3 次失败（IP可能被封），冷却 204s ...

    批次暂停 136s（已处理 310 只）...

    [!] 连续 3 次失败（IP可能被封），冷却 183s ...


    [!] 连续 3 次失败（IP可能被封），冷却 191s ...


    [!] 连续 3 次失败（IP可能被封），冷却 204s ...

    批次暂停 136s（已处理 320 只）...

    [!] 连续 3 次失败（IP可能被封），冷却 206s ...


    [!] 连续 3 次失败（IP可能被封），冷却 206s ...


    [!] 连续 3 次失败（IP可能被封），冷却 191s ...

    批次暂停 132s（已处理 330 只）...

    [!] 连续 3 次失败（IP可能被封），冷却 204s ...


    [!] 连续 3 次失败（IP可能被封），冷却 187s ...


    [!] 连续 3 次失败（IP可能被封），冷却 188s ...


    [!] 连续 3 次失败（IP可能被封），冷却 182s ...

    批次暂停 132s（已处理 340 只）...

    [!] 连续 3 次失败（IP可能被封），冷却 204s ...


    [!] 连续 3 次失败（IP可能被封），冷却 196s ...


    [!] 连续 3 次失败（IP可能被封），冷却 199s ...

    进度: 350/5552  成功=2  失败=348  无数据=0  已用 30371s  预计还需 451406s
    批次暂停 127s（已处理 350 只）...

    [!] 连续 3 次失败（IP可能被封），冷却 185s ...


    [!] 连续 3 次失败（IP可能被封），冷却 202s ...


    [!] 连续 3 次失败（IP可能被封），冷却 194s ...

    批次暂停 122s（已处理 360 只）...

    [!] 连续 3 次失败（IP可能被封），冷却 190s ...


    [!] 连续 3 次失败（IP可能被封），冷却 207s ...


    [!] 连续 3 次失败（IP可能被封），冷却 197s ...


    [!] 连续 3 次失败（IP可能被封），冷却 193s ...

    批次暂停 125s（已处理 370 只）...
    批次暂停 123s（已处理 380 只）...

    [!] 连续 3 次失败（IP可能被封），冷却 195s ...

    批次暂停 133s（已处理 390 只）...

    [!] 连续 3 次失败（IP可能被封），冷却 186s ...

    进度: 400/5552  成功=14  失败=386  无数据=0  已用 33226s  预计还需 427952s
    批次暂停 129s（已处理 400 只）...

    [!] 连续 3 次失败（IP可能被封），冷却 199s ...

    批次暂停 128s（已处理 410 只）...
    批次暂停 137s（已处理 420 只）...

    [!] 连续 3 次失败（IP可能被封），冷却 190s ...

    批次暂停 128s（已处理 430 只）...

    [!] 连续 3 次失败（IP可能被封），冷却 204s ...

    批次暂停 136s（已处理 440 只）...
    进度: 450/5552  成功=40  失败=410  无数据=0  已用 34886s  预计还需 395535s
    批次暂停 121s（已处理 450 只）...
    批次暂停 127s（已处理 460 只）...
    批次暂停 123s（已处理 470 只）...
    批次暂停 135s（已处理 480 只）...
    批次暂停 131s（已处理 490 只）...
    进度: 500/5552  成功=66  失败=434  无数据=0  已用 35966s  预计还需 363398s
    批次暂停 138s（已处理 500 只）...

    [!] 连续 3 次失败（IP可能被封），冷却 201s ...

    批次暂停 130s（已处理 510 只）...

    [!] 连续 3 次失败（IP可能被封），冷却 189s ...

    批次暂停 121s（已处理 520 只）...

    [!] 连续 3 次失败（IP可能被封），冷却 196s ...

    批次暂停 134s（已处理 530 只）...

    [!] 连续 3 次失败（IP可能被封），冷却 206s ...

    批次暂停 133s（已处理 540 只）...

    [!] 连续 3 次失败（IP可能被封），冷却 193s ...

    进度: 550/5552  成功=89  失败=461  无数据=0  已用 38059s  预计还需 346131s
    批次暂停 140s（已处理 550 只）...

    [!] 连续 3 次失败（IP可能被封），冷却 181s ...

    批次暂停 134s（已处理 560 只）...

    [!] 连续 3 次失败（IP可能被封），冷却 198s ...

    批次暂停 127s（已处理 570 只）...

    [!] 连续 3 次失败（IP可能被封），冷却 203s ...

    批次暂停 125s（已处理 580 只）...

    [!] 连续 3 次失败（IP可能被封），冷却 205s ...


    [!] 连续 3 次失败（IP可能被封），冷却 184s ...


    [!] 连续 3 次失败（IP可能被封），冷却 180s ...

    批次暂停 131s（已处理 590 只）...

    [!] 连续 3 次失败（IP可能被封），冷却 205s ...


    [!] 连续 3 次失败（IP可能被封），冷却 188s ...


    [!] 连续 3 次失败（IP可能被封），冷却 182s ...

    进度: 600/5552  成功=100  失败=500  无数据=0  已用 40921s  预计还需 337733s
    批次暂停 131s（已处理 600 只）...

    [!] 连续 3 次失败（IP可能被封），冷却 182s ...


    [!] 连续 3 次失败（IP可能被封），冷却 183s ...


    [!] 连续 3 次失败（IP可能被封），冷却 201s ...

    批次暂停 129s（已处理 610 只）...

    [!] 连续 3 次失败（IP可能被封），冷却 204s ...


    [!] 连续 3 次失败（IP可能被封），冷却 203s ...


    [!] 连续 3 次失败（IP可能被封），冷却 202s ...


    [!] 连续 3 次失败（IP可能被封），冷却 185s ...

    批次暂停 132s（已处理 620 只）...

    [!] 连续 3 次失败（IP可能被封），冷却 208s ...


    [!] 连续 3 次失败（IP可能被封），冷却 208s ...


    [!] 连续 3 次失败（IP可能被封），冷却 208s ...

    批次暂停 126s（已处理 630 只）...

    [!] 连续 3 次失败（IP可能被封），冷却 205s ...


    [!] 连续 3 次失败（IP可能被封），冷却 187s ...


    [!] 连续 3 次失败（IP可能被封），冷却 201s ...

    批次暂停 131s（已处理 640 只）...

    [!] 连续 3 次失败（IP可能被封），冷却 199s ...


    [!] 连续 3 次失败（IP可能被封），冷却 210s ...


    [!] 连续 3 次失败（IP可能被封），冷却 208s ...


    [!] 连续 3 次失败（IP可能被封），冷却 202s ...

    进度: 650/5552  成功=100  失败=550  无数据=0  已用 45486s  预计还需 343032s
    批次暂停 122s（已处理 650 只）...

    [!] 连续 3 次失败（IP可能被封），冷却 201s ...


    [!] 连续 3 次失败（IP可能被封），冷却 181s ...

    批次暂停 130s（已处理 660 只）...

    [!] 连续 3 次失败（IP可能被封），冷却 186s ...


    [!] 连续 3 次失败（IP可能被封），冷却 185s ...

    批次暂停 138s（已处理 670 只）...

    [!] 连续 3 次失败（IP可能被封），冷却 184s ...


    [!] 连续 3 次失败（IP可能被封），冷却 205s ...

    批次暂停 125s（已处理 680 只）...

    [!] 连续 3 次失败（IP可能被封），冷却 196s ...


    [!] 连续 3 次失败（IP可能被封），冷却 188s ...

    批次暂停 133s（已处理 690 只）...

    [!] 连续 3 次失败（IP可能被封），冷却 198s ...


    [!] 连续 3 次失败（IP可能被封），冷却 188s ...

    进度: 700/5552  成功=111  失败=589  无数据=0  已用 48529s  预计还需 336379s
    批次暂停 137s（已处理 700 只）...

    [!] 连续 3 次失败（IP可能被封），冷却 185s ...

    批次暂停 125s（已处理 710 只）...

    [!] 连续 3 次失败（IP可能被封），冷却 181s ...

    批次暂停 136s（已处理 720 只）...
    批次暂停 121s（已处理 730 只）...

    [!] 连续 3 次失败（IP可能被封），冷却 199s ...

    批次暂停 129s（已处理 740 只）...
    进度: 750/5552  成功=135  失败=615  无数据=0  已用 50179s  预计还需 321279s
    批次暂停 128s（已处理 750 只）...

    [!] 连续 3 次失败（IP可能被封），冷却 191s ...

    批次暂停 134s（已处理 760 只）...

    [!] 连续 3 次失败（IP可能被封），冷却 183s ...

    批次暂停 130s（已处理 770 只）...

    [!] 连续 3 次失败（IP可能被封），冷却 181s ...


    [!] 连续 3 次失败（IP可能被封），冷却 186s ...

    批次暂停 127s（已处理 780 只）...

    [!] 连续 3 次失败（IP可能被封），冷却 203s ...

    批次暂停 125s（已处理 790 只）...

    [!] 连续 3 次失败（IP可能被封），冷却 190s ...

    进度: 800/5552  成功=156  失败=644  无数据=0  已用 52400s  预计还需 311257s
    批次暂停 138s（已处理 800 只）...

    [!] 连续 3 次失败（IP可能被封），冷却 186s ...


    [!] 连续 3 次失败（IP可能被封），冷却 207s ...


    [!] 连续 3 次失败（IP可能被封），冷却 194s ...

    批次暂停 139s（已处理 810 只）...

    [!] 连续 3 次失败（IP可能被封），冷却 209s ...


    [!] 连续 3 次失败（IP可能被封），冷却 196s ...


    [!] 连续 3 次失败（IP可能被封），冷却 189s ...


    [!] 连续 3 次失败（IP可能被封），冷却 182s ...

    批次暂停 134s（已处理 820 只）...

    [!] 连续 3 次失败（IP可能被封），冷却 185s ...


    [!] 连续 3 次失败（IP可能被封），冷却 209s ...


    [!] 连续 3 次失败（IP可能被封），冷却 202s ...

    批次暂停 130s（已处理 830 只）...

    [!] 连续 3 次失败（IP可能被封），冷却 208s ...


    [!] 连续 3 次失败（IP可能被封），冷却 197s ...


    [!] 连续 3 次失败（IP可能被封），冷却 191s ...

    批次暂停 127s（已处理 840 只）...

    [!] 连续 3 次失败（IP可能被封），冷却 187s ...


    [!] 连续 3 次失败（IP可能被封），冷却 191s ...


    [!] 连续 3 次失败（IP可能被封），冷却 208s ...


    [!] 连续 3 次失败（IP可能被封），冷却 185s ...

    进度: 850/5552  成功=156  失败=694  无数据=0  已用 56912s  预计还需 314824s
    批次暂停 130s（已处理 850 只）...

    [!] 连续 3 次失败（IP可能被封），冷却 198s ...


    [!] 连续 3 次失败（IP可能被封），冷却 205s ...


    [!] 连续 3 次失败（IP可能被封），冷却 190s ...

    批次暂停 136s（已处理 860 只）...

    [!] 连续 3 次失败（IP可能被封），冷却 204s ...


    [!] 连续 3 次失败（IP可能被封），冷却 180s ...


    [!] 连续 3 次失败（IP可能被封），冷却 203s ...

    批次暂停 121s（已处理 870 只）...

    [!] 连续 3 次失败（IP可能被封），冷却 190s ...


    [!] 连续 3 次失败（IP可能被封），冷却 184s ...


    [!] 连续 3 次失败（IP可能被封），冷却 189s ...


    [!] 连续 3 次失败（IP可能被封），冷却 183s ...

    批次暂停 131s（已处理 880 只）...

    [!] 连续 3 次失败（IP可能被封），冷却 191s ...


    [!] 连续 3 次失败（IP可能被封），冷却 198s ...


    [!] 连续 3 次失败（IP可能被封），冷却 204s ...

    批次暂停 131s（已处理 890 只）...

    [!] 连续 3 次失败（IP可能被封），冷却 181s ...


    [!] 连续 3 次失败（IP可能被封），冷却 199s ...


    [!] 连续 3 次失败（IP可能被封），冷却 207s ...

    进度: 900/5552  成功=156  失败=744  无数据=0  已用 61186s  预计还需 316261s
    批次暂停 128s（已处理 900 只）...

    [!] 连续 3 次失败（IP可能被封），冷却 189s ...


    [!] 连续 3 次失败（IP可能被封），冷却 185s ...


    [!] 连续 3 次失败（IP可能被封），冷却 207s ...


    [!] 连续 3 次失败（IP可能被封），冷却 199s ...

    批次暂停 123s（已处理 910 只）...

    [!] 连续 3 次失败（IP可能被封），冷却 199s ...


    [!] 连续 3 次失败（IP可能被封），冷却 210s ...


    [!] 连续 3 次失败（IP可能被封），冷却 208s ...

    批次暂停 131s（已处理 920 只）...

    [!] 连续 3 次失败（IP可能被封），冷却 201s ...


    [!] 连续 3 次失败（IP可能被封），冷却 206s ...


    [!] 连续 3 次失败（IP可能被封），冷却 199s ...

    批次暂停 136s（已处理 930 只）...

    [!] 连续 3 次失败（IP可能被封），冷却 195s ...


    [!] 连续 3 次失败（IP可能被封），冷却 190s ...


    [!] 连续 3 次失败（IP可能被封），冷却 197s ...


    [!] 连续 3 次失败（IP可能被封），冷却 186s ...

    批次暂停 132s（已处理 940 只）...

    [!] 连续 3 次失败（IP可能被封），冷却 200s ...


    [!] 连续 3 次失败（IP可能被封），冷却 192s ...


    [!] 连续 3 次失败（IP可能被封），冷却 190s ...

    进度: 950/5552  成功=156  失败=794  无数据=0  已用 65702s  预计还需 318274s
    批次暂停 131s（已处理 950 只）...

    [!] 连续 3 次失败（IP可能被封），冷却 208s ...


    [!] 连续 3 次失败（IP可能被封），冷却 191s ...


    [!] 连续 3 次失败（IP可能被封），冷却 189s ...

    批次暂停 131s（已处理 960 只）...

    [!] 连续 3 次失败（IP可能被封），冷却 189s ...


    [!] 连续 3 次失败（IP可能被封），冷却 197s ...


    [!] 连续 3 次失败（IP可能被封），冷却 181s ...


    [!] 连续 3 次失败（IP可能被封），冷却 187s ...

    批次暂停 123s（已处理 970 只）...

    [!] 连续 3 次失败（IP可能被封），冷却 192s ...


    [!] 连续 3 次失败（IP可能被封），冷却 208s ...


    [!] 连续 3 次失败（IP可能被封），冷却 185s ...

    批次暂停 137s（已处理 980 只）...

    [!] 连续 3 次失败（IP可能被封），冷却 186s ...


    [!] 连续 3 次失败（IP可能被封），冷却 183s ...


    [!] 连续 3 次失败（IP可能被封），冷却 195s ...

    批次暂停 131s（已处理 990 只）...

    [!] 连续 3 次失败（IP可能被封），冷却 205s ...


    [!] 连续 3 次失败（IP可能被封），冷却 208s ...


    [!] 连续 3 次失败（IP可能被封），冷却 192s ...


    [!] 连续 3 次失败（IP可能被封），冷却 186s ...

    进度: 1000/5552  成功=156  失败=844  无数据=0  已用 70162s  预计还需 319377s
    批次暂停 139s（已处理 1000 只）...

    [!] 连续 3 次失败（IP可能被封），冷却 204s ...


    [!] 连续 3 次失败（IP可能被封），冷却 192s ...


    [!] 连续 3 次失败（IP可能被封），冷却 200s ...

    批次暂停 126s（已处理 1010 只）...

    [!] 连续 3 次失败（IP可能被封），冷却 196s ...


    [!] 连续 3 次失败（IP可能被封），冷却 204s ...


    [!] 连续 3 次失败（IP可能被封），冷却 183s ...

    批次暂停 139s（已处理 1020 只）...

    [!] 连续 3 次失败（IP可能被封），冷却 187s ...


    [!] 连续 3 次失败（IP可能被封），冷却 205s ...


    [!] 连续 3 次失败（IP可能被封），冷却 203s ...


    [!] 连续 3 次失败（IP可能被封），冷却 189s ...

    批次暂停 126s（已处理 1030 只）...

    [!] 连续 3 次失败（IP可能被封），冷却 204s ...


    [!] 连续 3 次失败（IP可能被封），冷却 188s ...


    [!] 连续 3 次失败（IP可能被封），冷却 195s ...

    批次暂停 123s（已处理 1040 只）...

    [!] 连续 3 次失败（IP可能被封），冷却 190s ...


    [!] 连续 3 次失败（IP可能被封），冷却 182s ...


    [!] 连续 3 次失败（IP可能被封），冷却 182s ...

    进度: 1050/5552  成功=156  失败=894  无数据=0  已用 74442s  预计还需 319181s
    批次暂停 130s（已处理 1050 只）...

    [!] 连续 3 次失败（IP可能被封），冷却 195s ...


    [!] 连续 3 次失败（IP可能被封），冷却 183s ...


    [!] 连续 3 次失败（IP可能被封），冷却 182s ...


    [!] 连续 3 次失败（IP可能被封），冷却 206s ...

    批次暂停 131s（已处理 1060 只）...

    [!] 连续 3 次失败（IP可能被封），冷却 188s ...


    [!] 连续 3 次失败（IP可能被封），冷却 195s ...


    [!] 连续 3 次失败（IP可能被封），冷却 189s ...

    批次暂停 122s（已处理 1070 只）...

    [!] 连续 3 次失败（IP可能被封），冷却 191s ...


    [!] 连续 3 次失败（IP可能被封），冷却 206s ...


    [!] 连续 3 次失败（IP可能被封），冷却 208s ...

    批次暂停 139s（已处理 1080 只）...

    [!] 连续 3 次失败（IP可能被封），冷却 194s ...


    [!] 连续 3 次失败（IP可能被封），冷却 199s ...


    [!] 连续 3 次失败（IP可能被封），冷却 203s ...


    [!] 连续 3 次失败（IP可能被封），冷却 191s ...

    批次暂停 136s（已处理 1090 只）...

    [!] 连续 3 次失败（IP可能被封），冷却 208s ...


    [!] 连续 3 次失败（IP可能被封），冷却 201s ...


    [!] 连续 3 次失败（IP可能被封），冷却 189s ...

    进度: 1100/5552  成功=156  失败=944  无数据=0  已用 78949s  预计还需 319528s
    批次暂停 133s（已处理 1100 只）...

    [!] 连续 3 次失败（IP可能被封），冷却 209s ...


    [!] 连续 3 次失败（IP可能被封），冷却 191s ...


    [!] 连续 3 次失败（IP可能被封），冷却 200s ...

    批次暂停 121s（已处理 1110 只）...

    [!] 连续 3 次失败（IP可能被封），冷却 191s ...


    [!] 连续 3 次失败（IP可能被封），冷却 192s ...


    [!] 连续 3 次失败（IP可能被封），冷却 199s ...


    [!] 连续 3 次失败（IP可能被封），冷却 192s ...

    批次暂停 122s（已处理 1120 只）...

    [!] 连续 3 次失败（IP可能被封），冷却 199s ...


    [!] 连续 3 次失败（IP可能被封），冷却 184s ...


    [!] 连续 3 次失败（IP可能被封），冷却 192s ...

    批次暂停 124s（已处理 1130 只）...

    [!] 连续 3 次失败（IP可能被封），冷却 209s ...


    [!] 连续 3 次失败（IP可能被封），冷却 189s ...


    [!] 连续 3 次失败（IP可能被封），冷却 208s ...

    批次暂停 124s（已处理 1140 只）...

    [!] 连续 3 次失败（IP可能被封），冷却 194s ...


    [!] 连续 3 次失败（IP可能被封），冷却 188s ...


    [!] 连续 3 次失败（IP可能被封），冷却 187s ...


    [!] 连续 3 次失败（IP可能被封），冷却 208s ...

    进度: 1150/5552  成功=156  失败=994  无数据=0  已用 83566s  预计还需 319876s
    批次暂停 133s（已处理 1150 只）...

    [!] 连续 3 次失败（IP可能被封），冷却 198s ...


    [!] 连续 3 次失败（IP可能被封），冷却 202s ...


    [!] 连续 3 次失败（IP可能被封），冷却 198s ...

    批次暂停 121s（已处理 1160 只）...

    [!] 连续 3 次失败（IP可能被封），冷却 191s ...


    [!] 连续 3 次失败（IP可能被封），冷却 195s ...


    [!] 连续 3 次失败（IP可能被封），冷却 188s ...

    批次暂停 121s（已处理 1170 只）...

    [!] 连续 3 次失败（IP可能被封），冷却 205s ...


    [!] 连续 3 次失败（IP可能被封），冷却 188s ...


    [!] 连续 3 次失败（IP可能被封），冷却 195s ...


    [!] 连续 3 次失败（IP可能被封），冷却 202s ...

    批次暂停 138s（已处理 1180 只）...

    [!] 连续 3 次失败（IP可能被封），冷却 197s ...


    [!] 连续 3 次失败（IP可能被封），冷却 197s ...


    [!] 连续 3 次失败（IP可能被封），冷却 184s ...

    批次暂停 121s（已处理 1190 只）...

    [!] 连续 3 次失败（IP可能被封），冷却 202s ...


    [!] 连续 3 次失败（IP可能被封），冷却 197s ...


    [!] 连续 3 次失败（IP可能被封），冷却 187s ...

    进度: 1200/5552  成功=156  失败=1044  无数据=0  已用 87848s  预计还需 318594s
    批次暂停 135s（已处理 1200 只）...

    [!] 连续 3 次失败（IP可能被封），冷却 202s ...


    [!] 连续 3 次失败（IP可能被封），冷却 204s ...


    [!] 连续 3 次失败（IP可能被封），冷却 206s ...


    [!] 连续 3 次失败（IP可能被封），冷却 187s ...

    批次暂停 129s（已处理 1210 只）...

    [!] 连续 3 次失败（IP可能被封），冷却 186s ...


    [!] 连续 3 次失败（IP可能被封），冷却 204s ...


    [!] 连续 3 次失败（IP可能被封），冷却 192s ...

    批次暂停 127s（已处理 1220 只）...

    [!] 连续 3 次失败（IP可能被封），冷却 208s ...


    [!] 连续 3 次失败（IP可能被封），冷却 199s ...


    [!] 连续 3 次失败（IP可能被封），冷却 182s ...

    批次暂停 126s（已处理 1230 只）...

    [!] 连续 3 次失败（IP可能被封），冷却 199s ...


    [!] 连续 3 次失败（IP可能被封），冷却 186s ...


    [!] 连续 3 次失败（IP可能被封），冷却 203s ...


    [!] 连续 3 次失败（IP可能被封），冷却 185s ...

    批次暂停 124s（已处理 1240 只）...

    [!] 连续 3 次失败（IP可能被封），冷却 184s ...


    [!] 连续 3 次失败（IP可能被封），冷却 190s ...


    [!] 连续 3 次失败（IP可能被封），冷却 209s ...

    进度: 1250/5552  成功=156  失败=1094  无数据=0  已用 92330s  预计还需 317764s
    批次暂停 132s（已处理 1250 只）...

    [!] 连续 3 次失败（IP可能被封），冷却 194s ...


    [!] 连续 3 次失败（IP可能被封），冷却 187s ...


    [!] 连续 3 次失败（IP可能被封），冷却 193s ...

    批次暂停 127s（已处理 1260 只）...

    [!] 连续 3 次失败（IP可能被封），冷却 194s ...


    [!] 连续 3 次失败（IP可能被封），冷却 200s ...


    [!] 连续 3 次失败（IP可能被封），冷却 196s ...


    [!] 连续 3 次失败（IP可能被封），冷却 185s ...

    批次暂停 123s（已处理 1270 只）...

    [!] 连续 3 次失败（IP可能被封），冷却 189s ...


    [!] 连续 3 次失败（IP可能被封），冷却 180s ...


    [!] 连续 3 次失败（IP可能被封），冷却 208s ...

    批次暂停 131s（已处理 1280 只）...

    [!] 连续 3 次失败（IP可能被封），冷却 205s ...


    [!] 连续 3 次失败（IP可能被封），冷却 186s ...


    [!] 连续 3 次失败（IP可能被封），冷却 185s ...

    批次暂停 132s（已处理 1290 只）...

    [!] 连续 3 次失败（IP可能被封），冷却 197s ...


    [!] 连续 3 次失败（IP可能被封），冷却 192s ...


    [!] 连续 3 次失败（IP可能被封），冷却 184s ...


    [!] 连续 3 次失败（IP可能被封），冷却 189s ...

    进度: 1300/5552  成功=156  失败=1144  无数据=0  已用 96753s  预计还需 316456s
    批次暂停 136s（已处理 1300 只）...

    [!] 连续 3 次失败（IP可能被封），冷却 189s ...


    [!] 连续 3 次失败（IP可能被封），冷却 189s ...


    [!] 连续 3 次失败（IP可能被封），冷却 193s ...

    批次暂停 124s（已处理 1310 只）...

    [!] 连续 3 次失败（IP可能被封），冷却 191s ...


    [!] 连续 3 次失败（IP可能被封），冷却 183s ...


    [!] 连续 3 次失败（IP可能被封），冷却 189s ...

    批次暂停 139s（已处理 1320 只）...

    [!] 连续 3 次失败（IP可能被封），冷却 197s ...


    [!] 连续 3 次失败（IP可能被封），冷却 183s ...


    [!] 连续 3 次失败（IP可能被封），冷却 195s ...


    [!] 连续 3 次失败（IP可能被封），冷却 206s ...

    批次暂停 122s（已处理 1330 只）...

    [!] 连续 3 次失败（IP可能被封），冷却 180s ...


    [!] 连续 3 次失败（IP可能被封），冷却 183s ...


    [!] 连续 3 次失败（IP可能被封），冷却 191s ...

    批次暂停 140s（已处理 1340 只）...

    [!] 连续 3 次失败（IP可能被封），冷却 203s ...


    [!] 连续 3 次失败（IP可能被封），冷却 187s ...


    [!] 连续 3 次失败（IP可能被封），冷却 200s ...

    进度: 1350/5552  成功=156  失败=1194  无数据=0  已用 100990s  预计还需 314342s
    批次暂停 123s（已处理 1350 只）...

    [!] 连续 3 次失败（IP可能被封），冷却 210s ...


    [!] 连续 3 次失败（IP可能被封），冷却 200s ...


    [!] 连续 3 次失败（IP可能被封），冷却 207s ...


    [!] 连续 3 次失败（IP可能被封），冷却 184s ...

    批次暂停 122s（已处理 1360 只）...

    [!] 连续 3 次失败（IP可能被封），冷却 181s ...


    [!] 连续 3 次失败（IP可能被封），冷却 183s ...


    [!] 连续 3 次失败（IP可能被封），冷却 197s ...

    批次暂停 126s（已处理 1370 只）...

    [!] 连续 3 次失败（IP可能被封），冷却 197s ...


    [!] 连续 3 次失败（IP可能被封），冷却 186s ...


    [!] 连续 3 次失败（IP可能被封），冷却 185s ...

    批次暂停 126s（已处理 1380 只）...

    [!] 连续 3 次失败（IP可能被封），冷却 183s ...


    [!] 连续 3 次失败（IP可能被封），冷却 187s ...


    [!] 连续 3 次失败（IP可能被封），冷却 182s ...


    [!] 连续 3 次失败（IP可能被封），冷却 198s ...

    批次暂停 127s（已处理 1390 只）...

    [!] 连续 3 次失败（IP可能被封），冷却 193s ...


    [!] 连续 3 次失败（IP可能被封），冷却 210s ...


    [!] 连续 3 次失败（IP可能被封），冷却 208s ...

    进度: 1400/5552  成功=156  失败=1244  无数据=0  已用 105425s  预计还需 312660s
    批次暂停 122s（已处理 1400 只）...

    [!] 连续 3 次失败（IP可能被封），冷却 181s ...


    [!] 连续 3 次失败（IP可能被封），冷却 184s ...


    [!] 连续 3 次失败（IP可能被封），冷却 188s ...

    批次暂停 139s（已处理 1410 只）...

    [!] 连续 3 次失败（IP可能被封），冷却 188s ...


    [!] 连续 3 次失败（IP可能被封），冷却 189s ...


    [!] 连续 3 次失败（IP可能被封），冷却 205s ...


    [!] 连续 3 次失败（IP可能被封），冷却 209s ...

    批次暂停 124s（已处理 1420 只）...

    [!] 连续 3 次失败（IP可能被封），冷却 190s ...


    [!] 连续 3 次失败（IP可能被封），冷却 200s ...


    [!] 连续 3 次失败（IP可能被封），冷却 205s ...

    批次暂停 120s（已处理 1430 只）...

    [!] 连续 3 次失败（IP可能被封），冷却 205s ...


    [!] 连续 3 次失败（IP可能被封），冷却 180s ...


    [!] 连续 3 次失败（IP可能被封），冷却 193s ...

    批次暂停 131s（已处理 1440 只）...

    [!] 连续 3 次失败（IP可能被封），冷却 210s ...


    [!] 连续 3 次失败（IP可能被封），冷却 208s ...


    [!] 连续 3 次失败（IP可能被封），冷却 194s ...


    [!] 连续 3 次失败（IP可能被封），冷却 204s ...

    进度: 1450/5552  成功=156  失败=1294  无数据=0  已用 109906s  预计还需 310921s
    批次暂停 131s（已处理 1450 只）...

    [!] 连续 3 次失败（IP可能被封），冷却 197s ...


    [!] 连续 3 次失败（IP可能被封），冷却 197s ...


    [!] 连续 3 次失败（IP可能被封），冷却 197s ...

    批次暂停 139s（已处理 1460 只）...

    [!] 连续 3 次失败（IP可能被封），冷却 190s ...


    [!] 连续 3 次失败（IP可能被封），冷却 185s ...


    [!] 连续 3 次失败（IP可能被封），冷却 189s ...

    批次暂停 137s（已处理 1470 只）...

    [!] 连续 3 次失败（IP可能被封），冷却 181s ...


    [!] 连续 3 次失败（IP可能被封），冷却 201s ...


    [!] 连续 3 次失败（IP可能被封），冷却 207s ...


    [!] 连续 3 次失败（IP可能被封），冷却 198s ...

    批次暂停 126s（已处理 1480 只）...

    [!] 连续 3 次失败（IP可能被封），冷却 183s ...


    [!] 连续 3 次失败（IP可能被封），冷却 192s ...


    [!] 连续 3 次失败（IP可能被封），冷却 196s ...

    批次暂停 135s（已处理 1490 只）...

    [!] 连续 3 次失败（IP可能被封），冷却 187s ...


    [!] 连续 3 次失败（IP可能被封），冷却 203s ...


    [!] 连续 3 次失败（IP可能被封），冷却 205s ...

    进度: 1500/5552  成功=156  失败=1344  无数据=0  已用 114199s  预计还需 308490s
    批次暂停 125s（已处理 1500 只）...

    [!] 连续 3 次失败（IP可能被封），冷却 202s ...


    [!] 连续 3 次失败（IP可能被封），冷却 198s ...


    [!] 连续 3 次失败（IP可能被封），冷却 188s ...


    [!] 连续 3 次失败（IP可能被封），冷却 186s ...

    批次暂停 138s（已处理 1510 只）...

    [!] 连续 3 次失败（IP可能被封），冷却 195s ...


    [!] 连续 3 次失败（IP可能被封），冷却 204s ...


    [!] 连续 3 次失败（IP可能被封），冷却 189s ...

    批次暂停 137s（已处理 1520 只）...

    [!] 连续 3 次失败（IP可能被封），冷却 196s ...


    [!] 连续 3 次失败（IP可能被封），冷却 197s ...


    [!] 连续 3 次失败（IP可能被封），冷却 205s ...

    批次暂停 137s（已处理 1530 只）...

    [!] 连续 3 次失败（IP可能被封），冷却 209s ...


    [!] 连续 3 次失败（IP可能被封），冷却 188s ...


    [!] 连续 3 次失败（IP可能被封），冷却 182s ...


    [!] 连续 3 次失败（IP可能被封），冷却 189s ...

    批次暂停 128s（已处理 1540 只）...

    [!] 连续 3 次失败（IP可能被封），冷却 193s ...


    [!] 连续 3 次失败（IP可能被封），冷却 210s ...


    [!] 连续 3 次失败（IP可能被封），冷却 190s ...

    进度: 1550/5552  成功=157  失败=1393  无数据=0  已用 118704s  预计还需 306486s
    批次暂停 131s（已处理 1550 只）...

    [!] 连续 3 次失败（IP可能被封），冷却 195s ...

    批次暂停 131s（已处理 1560 只）...
    批次暂停 139s（已处理 1570 只）...

    [!] 连续 3 次失败（IP可能被封），冷却 197s ...

    批次暂停 129s（已处理 1580 只）...

    [!] 连续 3 次失败（IP可能被封），冷却 193s ...

    批次暂停 135s（已处理 1590 只）...
    进度: 1600/5552  成功=186  失败=1414  无数据=0  已用 120338s  预计还需 297235s
    批次暂停 125s（已处理 1600 只）...

    [!] 连续 3 次失败（IP可能被封），冷却 194s ...

    批次暂停 140s（已处理 1610 只）...
    批次暂停 130s（已处理 1620 只）...

    [!] 连续 3 次失败（IP可能被封），冷却 186s ...

    批次暂停 127s（已处理 1630 只）...

    [!] 连续 3 次失败（IP可能被封），冷却 207s ...

    批次暂停 122s（已处理 1640 只）...
    进度: 1650/5552  成功=214  失败=1436  无数据=0  已用 121953s  预计还需 288401s
    批次暂停 140s（已处理 1650 只）...

    [!] 连续 3 次失败（IP可能被封），冷却 200s ...

    批次暂停 128s（已处理 1660 只）...
    批次暂停 128s（已处理 1670 只）...

    [!] 连续 3 次失败（IP可能被封），冷却 188s ...

    批次暂停 122s（已处理 1680 只）...
    批次暂停 121s（已处理 1690 只）...

    [!] 连续 3 次失败（IP可能被封），冷却 186s ...

    进度: 1700/5552  成功=241  失败=1459  无数据=0  已用 123564s  预计还需 279981s
    批次暂停 137s（已处理 1700 只）...

    [!] 连续 3 次失败（IP可能被封），冷却 184s ...

    批次暂停 121s（已处理 1710 只）...

    [!] 连续 3 次失败（IP可能被封），冷却 194s ...

    批次暂停 130s（已处理 1720 只）...
    批次暂停 130s（已处理 1730 只）...

    [!] 连续 3 次失败（IP可能被封），冷却 201s ...

    批次暂停 120s（已处理 1740 只）...
    进度: 1750/5552  成功=266  失败=1484  无数据=0  已用 125207s  预计还需 272022s
    批次暂停 132s（已处理 1750 只）...
    批次暂停 128s（已处理 1760 只）...

    [!] 连续 3 次失败（IP可能被封），冷却 186s ...

    批次暂停 134s（已处理 1770 只）...

    [!] 连续 3 次失败（IP可能被封），冷却 206s ...

    批次暂停 129s（已处理 1780 只）...

    [!] 连续 3 次失败（IP可能被封），冷却 206s ...


    [!] 连续 3 次失败（IP可能被封），冷却 207s ...


    [!] 连续 3 次失败（IP可能被封），冷却 195s ...


    [!] 连续 3 次失败（IP可能被封），冷却 184s ...

    批次暂停 125s（已处理 1790 只）...

    [!] 连续 3 次失败（IP可能被封），冷却 206s ...


    [!] 连续 3 次失败（IP可能被封），冷却 208s ...


    [!] 连续 3 次失败（IP可能被封），冷却 189s ...

    进度: 1800/5552  成功=280  失败=1520  无数据=0  已用 128116s  预计还需 267051s
    批次暂停 120s（已处理 1800 只）...

    [!] 连续 3 次失败（IP可能被封），冷却 203s ...


    [!] 连续 3 次失败（IP可能被封），冷却 182s ...


    [!] 连续 3 次失败（IP可能被封），冷却 205s ...

    批次暂停 122s（已处理 1810 只）...

    [!] 连续 3 次失败（IP可能被封），冷却 188s ...


    [!] 连续 3 次失败（IP可能被封），冷却 203s ...


    [!] 连续 3 次失败（IP可能被封），冷却 189s ...


    [!] 连续 3 次失败（IP可能被封），冷却 198s ...

    批次暂停 125s（已处理 1820 只）...

    [!] 连续 3 次失败（IP可能被封），冷却 188s ...


    [!] 连续 3 次失败（IP可能被封），冷却 183s ...


    [!] 连续 3 次失败（IP可能被封），冷却 194s ...

    批次暂停 135s（已处理 1830 只）...

    [!] 连续 3 次失败（IP可能被封），冷却 181s ...


    [!] 连续 3 次失败（IP可能被封），冷却 199s ...


    [!] 连续 3 次失败（IP可能被封），冷却 191s ...

    批次暂停 132s（已处理 1840 只）...

    [!] 连续 3 次失败（IP可能被封），冷却 210s ...


    [!] 连续 3 次失败（IP可能被封），冷却 196s ...


    [!] 连续 3 次失败（IP可能被封），冷却 181s ...

    进度: 1850/5552  成功=282  失败=1568  无数据=0  已用 132355s  预计还需 264853s
    批次暂停 137s（已处理 1850 只）...

    [!] 连续 3 次失败（IP可能被封），冷却 205s ...


    [!] 连续 3 次失败（IP可能被封），冷却 196s ...

    批次暂停 127s（已处理 1860 只）...

    [!] 连续 3 次失败（IP可能被封），冷却 191s ...

    批次暂停 139s（已处理 1870 只）...

    [!] 连续 3 次失败（IP可能被封），冷却 201s ...


    [!] 连续 3 次失败（IP可能被封），冷却 184s ...

    批次暂停 126s（已处理 1880 只）...

    [!] 连续 3 次失败（IP可能被封），冷却 188s ...


    [!] 连续 3 次失败（IP可能被封），冷却 191s ...

    批次暂停 130s（已处理 1890 只）...

    [!] 连续 3 次失败（IP可能被封），冷却 188s ...

    进度: 1900/5552  成功=298  失败=1602  无数据=0  已用 135021s  预计还需 259525s
    批次暂停 135s（已处理 1900 只）...

    [!] 连续 3 次失败（IP可能被封），冷却 199s ...


    [!] 连续 3 次失败（IP可能被封），冷却 197s ...

    批次暂停 134s（已处理 1910 只）...

    [!] 连续 3 次失败（IP可能被封），冷却 208s ...

    批次暂停 135s（已处理 1920 只）...

    [!] 连续 3 次失败（IP可能被封），冷却 185s ...

    批次暂停 132s（已处理 1930 只）...
    批次暂停 139s（已处理 1940 只）...
    进度: 1950/5552  成功=320  失败=1630  无数据=0  已用 136906s  预计还需 252890s
    批次暂停 139s（已处理 1950 只）...
    批次暂停 130s（已处理 1960 只）...

    [!] 连续 3 次失败（IP可能被封），冷却 184s ...

    批次暂停 120s（已处理 1970 只）...

    [!] 连续 3 次失败（IP可能被封），冷却 198s ...


    [!] 连续 3 次失败（IP可能被封），冷却 195s ...

    批次暂停 121s（已处理 1980 只）...

    [!] 连续 3 次失败（IP可能被封），冷却 194s ...


    [!] 连续 3 次失败（IP可能被封），冷却 200s ...

    批次暂停 121s（已处理 1990 只）...

    [!] 连续 3 次失败（IP可能被封），冷却 182s ...


    [!] 连续 3 次失败（IP可能被封），冷却 200s ...


    [!] 连续 3 次失败（IP可能被封），冷却 188s ...


    [!] 连续 3 次失败（IP可能被封），冷却 186s ...

    进度: 2000/5552  成功=335  失败=1665  无数据=0  已用 139713s  预计还需 248130s
    批次暂停 135s（已处理 2000 只）...

    [!] 连续 3 次失败（IP可能被封），冷却 182s ...


    [!] 连续 3 次失败（IP可能被封），冷却 193s ...


    [!] 连续 3 次失败（IP可能被封），冷却 186s ...

    批次暂停 129s（已处理 2010 只）...

    [!] 连续 3 次失败（IP可能被封），冷却 183s ...


    [!] 连续 3 次失败（IP可能被封），冷却 193s ...


    [!] 连续 3 次失败（IP可能被封），冷却 190s ...

    批次暂停 131s（已处理 2020 只）...

    [!] 连续 3 次失败（IP可能被封），冷却 183s ...


    [!] 连续 3 次失败（IP可能被封），冷却 208s ...


    [!] 连续 3 次失败（IP可能被封），冷却 193s ...

    批次暂停 127s（已处理 2030 只）...

    [!] 连续 3 次失败（IP可能被封），冷却 200s ...


    [!] 连续 3 次失败（IP可能被封），冷却 208s ...


    [!] 连续 3 次失败（IP可能被封），冷却 205s ...


    [!] 连续 3 次失败（IP可能被封），冷却 194s ...

    批次暂停 130s（已处理 2040 只）...

    [!] 连续 3 次失败（IP可能被封），冷却 203s ...


    [!] 连续 3 次失败（IP可能被封），冷却 193s ...


    [!] 连续 3 次失败（IP可能被封），冷却 189s ...

    进度: 2050/5552  成功=336  失败=1714  无数据=0  已用 143979s  预计还需 245958s
    批次暂停 136s（已处理 2050 只）...

    [!] 连续 3 次失败（IP可能被封），冷却 200s ...


    [!] 连续 3 次失败（IP可能被封），冷却 187s ...


    [!] 连续 3 次失败（IP可能被封），冷却 188s ...

    批次暂停 125s（已处理 2060 只）...

    [!] 连续 3 次失败（IP可能被封），冷却 204s ...


    [!] 连续 3 次失败（IP可能被封），冷却 193s ...


    [!] 连续 3 次失败（IP可能被封），冷却 190s ...


    [!] 连续 3 次失败（IP可能被封），冷却 208s ...

    批次暂停 128s（已处理 2070 只）...

    [!] 连续 3 次失败（IP可能被封），冷却 200s ...


    [!] 连续 3 次失败（IP可能被封），冷却 196s ...


    [!] 连续 3 次失败（IP可能被封），冷却 205s ...

    批次暂停 135s（已处理 2080 只）...

    [!] 连续 3 次失败（IP可能被封），冷却 207s ...


    [!] 连续 3 次失败（IP可能被封），冷却 192s ...


    [!] 连续 3 次失败（IP可能被封），冷却 196s ...

    批次暂停 138s（已处理 2090 只）...

    [!] 连续 3 次失败（IP可能被封），冷却 208s ...


    [!] 连续 3 次失败（IP可能被封），冷却 196s ...


    [!] 连续 3 次失败（IP可能被封），冷却 203s ...


    [!] 连续 3 次失败（IP可能被封），冷却 198s ...

    进度: 2100/5552  成功=336  失败=1764  无数据=0  已用 148539s  预计还需 244171s
    批次暂停 123s（已处理 2100 只）...

    [!] 连续 3 次失败（IP可能被封），冷却 191s ...


    [!] 连续 3 次失败（IP可能被封），冷却 200s ...


    [!] 连续 3 次失败（IP可能被封），冷却 184s ...

    批次暂停 137s（已处理 2110 只）...

    [!] 连续 3 次失败（IP可能被封），冷却 201s ...


    [!] 连续 3 次失败（IP可能被封），冷却 184s ...


    [!] 连续 3 次失败（IP可能被封），冷却 201s ...

    批次暂停 121s（已处理 2120 只）...

    [!] 连续 3 次失败（IP可能被封），冷却 201s ...


    [!] 连续 3 次失败（IP可能被封），冷却 202s ...


    [!] 连续 3 次失败（IP可能被封），冷却 205s ...


    [!] 连续 3 次失败（IP可能被封），冷却 186s ...

    批次暂停 129s（已处理 2130 只）...

    [!] 连续 3 次失败（IP可能被封），冷却 189s ...


    [!] 连续 3 次失败（IP可能被封），冷却 181s ...


    [!] 连续 3 次失败（IP可能被封），冷却 190s ...

    批次暂停 123s（已处理 2140 只）...

    [!] 连续 3 次失败（IP可能被封），冷却 189s ...


    [!] 连续 3 次失败（IP可能被封），冷却 209s ...


    [!] 连续 3 次失败（IP可能被封），冷却 184s ...

    进度: 2150/5552  成功=336  失败=1814  无数据=0  已用 152782s  预计还需 241751s
    批次暂停 124s（已处理 2150 只）...

    [!] 连续 3 次失败（IP可能被封），冷却 196s ...


    [!] 连续 3 次失败（IP可能被封），冷却 203s ...


    [!] 连续 3 次失败（IP可能被封），冷却 190s ...


    [!] 连续 3 次失败（IP可能被封），冷却 194s ...

    批次暂停 123s（已处理 2160 只）...

    [!] 连续 3 次失败（IP可能被封），冷却 204s ...


    [!] 连续 3 次失败（IP可能被封），冷却 194s ...


    [!] 连续 3 次失败（IP可能被封），冷却 184s ...

    批次暂停 132s（已处理 2170 只）...

    [!] 连续 3 次失败（IP可能被封），冷却 184s ...


    [!] 连续 3 次失败（IP可能被封），冷却 182s ...


    [!] 连续 3 次失败（IP可能被封），冷却 188s ...

    批次暂停 124s（已处理 2180 只）...

    [!] 连续 3 次失败（IP可能被封），冷却 185s ...


    [!] 连续 3 次失败（IP可能被封），冷却 182s ...


    [!] 连续 3 次失败（IP可能被封），冷却 200s ...


    [!] 连续 3 次失败（IP可能被封），冷却 187s ...

    批次暂停 131s（已处理 2190 只）...

    [!] 连续 3 次失败（IP可能被封），冷却 188s ...


    [!] 连续 3 次失败（IP可能被封），冷却 188s ...


    [!] 连续 3 次失败（IP可能被封），冷却 183s ...

    进度: 2200/5552  成功=336  失败=1864  无数据=0  已用 157171s  预计还需 239472s
    批次暂停 123s（已处理 2200 只）...

    [!] 连续 3 次失败（IP可能被封），冷却 185s ...


    [!] 连续 3 次失败（IP可能被封），冷却 205s ...


    [!] 连续 3 次失败（IP可能被封），冷却 189s ...

    批次暂停 129s（已处理 2210 只）...

    [!] 连续 3 次失败（IP可能被封），冷却 188s ...


    [!] 连续 3 次失败（IP可能被封），冷却 189s ...


    [!] 连续 3 次失败（IP可能被封），冷却 200s ...


    [!] 连续 3 次失败（IP可能被封），冷却 202s ...

    批次暂停 135s（已处理 2220 只）...

    [!] 连续 3 次失败（IP可能被封），冷却 188s ...


    [!] 连续 3 次失败（IP可能被封），冷却 202s ...


    [!] 连续 3 次失败（IP可能被封），冷却 183s ...

    批次暂停 126s（已处理 2230 只）...

    [!] 连续 3 次失败（IP可能被封），冷却 182s ...


    [!] 连续 3 次失败（IP可能被封），冷却 199s ...


    [!] 连续 3 次失败（IP可能被封），冷却 194s ...

    批次暂停 139s（已处理 2240 只）...

    [!] 连续 3 次失败（IP可能被封），冷却 194s ...


    [!] 连续 3 次失败（IP可能被封），冷却 190s ...


    [!] 连续 3 次失败（IP可能被封），冷却 204s ...


    [!] 连续 3 次失败（IP可能被封），冷却 187s ...

    进度: 2250/5552  成功=336  失败=1914  无数据=0  已用 161666s  预计还需 237254s
    批次暂停 131s（已处理 2250 只）...

    [!] 连续 3 次失败（IP可能被封），冷却 201s ...


    [!] 连续 3 次失败（IP可能被封），冷却 201s ...


    [!] 连续 3 次失败（IP可能被封），冷却 199s ...

    批次暂停 137s（已处理 2260 只）...

    [!] 连续 3 次失败（IP可能被封），冷却 193s ...


    [!] 连续 3 次失败（IP可能被封），冷却 183s ...


    [!] 连续 3 次失败（IP可能被封），冷却 190s ...

    批次暂停 132s（已处理 2270 只）...

    [!] 连续 3 次失败（IP可能被封），冷却 202s ...


    [!] 连续 3 次失败（IP可能被封），冷却 185s ...


    [!] 连续 3 次失败（IP可能被封），冷却 188s ...


    [!] 连续 3 次失败（IP可能被封），冷却 208s ...

    批次暂停 139s（已处理 2280 只）...

    [!] 连续 3 次失败（IP可能被封），冷却 208s ...


    [!] 连续 3 次失败（IP可能被封），冷却 197s ...


    [!] 连续 3 次失败（IP可能被封），冷却 188s ...

    批次暂停 128s（已处理 2290 只）...

    [!] 连续 3 次失败（IP可能被封），冷却 205s ...


    [!] 连续 3 次失败（IP可能被封），冷却 199s ...


    [!] 连续 3 次失败（IP可能被封），冷却 194s ...

    进度: 2300/5552  成功=336  失败=1964  无数据=0  已用 166117s  预计还需 234876s
    批次暂停 139s（已处理 2300 只）...

    [!] 连续 3 次失败（IP可能被封），冷却 185s ...


    [!] 连续 3 次失败（IP可能被封），冷却 205s ...


    [!] 连续 3 次失败（IP可能被封），冷却 190s ...


    [!] 连续 3 次失败（IP可能被封），冷却 198s ...

    批次暂停 123s（已处理 2310 只）...

    [!] 连续 3 次失败（IP可能被封），冷却 199s ...


    [!] 连续 3 次失败（IP可能被封），冷却 199s ...


    [!] 连续 3 次失败（IP可能被封），冷却 189s ...

    批次暂停 129s（已处理 2320 只）...

    [!] 连续 3 次失败（IP可能被封），冷却 193s ...


    [!] 连续 3 次失败（IP可能被封），冷却 182s ...


    [!] 连续 3 次失败（IP可能被封），冷却 202s ...

    批次暂停 139s（已处理 2330 只）...

    [!] 连续 3 次失败（IP可能被封），冷却 191s ...


    [!] 连续 3 次失败（IP可能被封），冷却 190s ...


    [!] 连续 3 次失败（IP可能被封），冷却 190s ...


    [!] 连续 3 次失败（IP可能被封），冷却 198s ...

    批次暂停 136s（已处理 2340 只）...

    [!] 连续 3 次失败（IP可能被封），冷却 207s ...


    [!] 连续 3 次失败（IP可能被封），冷却 194s ...


    [!] 连续 3 次失败（IP可能被封），冷却 208s ...

    进度: 2350/5552  成功=336  失败=2014  无数据=0  已用 170832s  预计还需 232767s
    批次暂停 132s（已处理 2350 只）...

    [!] 连续 3 次失败（IP可能被封），冷却 207s ...


    [!] 连续 3 次失败（IP可能被封），冷却 201s ...


    [!] 连续 3 次失败（IP可能被封），冷却 209s ...

    批次暂停 122s（已处理 2360 只）...
    批次暂停 125s（已处理 2370 只）...
    批次暂停 126s（已处理 2380 只）...
    批次暂停 135s（已处理 2390 只）...
    进度: 2400/5552  成功=378  失败=2022  无数据=0  已用 172347s  预计还需 226349s
    批次暂停 131s（已处理 2400 只）...
    批次暂停 131s（已处理 2410 只）...
    批次暂停 127s（已处理 2420 只）...
    批次暂停 125s（已处理 2430 只）...
    批次暂停 132s（已处理 2440 只）...
    进度: 2450/5552  成功=428  失败=2022  无数据=0  已用 173209s  预计还需 219304s
    批次暂停 132s（已处理 2450 只）...
    批次暂停 134s（已处理 2460 只）...
    批次暂停 126s（已处理 2470 只）...
    批次暂停 128s（已处理 2480 只）...
    批次暂停 132s（已处理 2490 只）...
    进度: 2500/5552  成功=478  失败=2022  无数据=0  已用 174067s  预计还需 212501s
    批次暂停 138s（已处理 2500 只）...
    批次暂停 130s（已处理 2510 只）...
    批次暂停 138s（已处理 2520 只）...
    批次暂停 133s（已处理 2530 只）...
    批次暂停 128s（已处理 2540 只）...
    进度: 2550/5552  成功=528  失败=2022  无数据=0  已用 174947s  预计还需 205958s
    批次暂停 133s（已处理 2550 只）...
    批次暂停 136s（已处理 2560 只）...
    批次暂停 134s（已处理 2570 只）...
    批次暂停 138s（已处理 2580 只）...
    批次暂停 121s（已处理 2590 只）...
    进度: 2600/5552  成功=578  失败=2022  无数据=0  已用 175823s  预计还需 199627s
    批次暂停 121s（已处理 2600 只）...
    批次暂停 131s（已处理 2610 只）...
    批次暂停 132s（已处理 2620 只）...
    批次暂停 125s（已处理 2630 只）...
    批次暂停 120s（已处理 2640 只）...
    进度: 2650/5552  成功=628  失败=2022  无数据=0  已用 176672s  预计还需 193473s
    批次暂停 123s（已处理 2650 只）...
    批次暂停 124s（已处理 2660 只）...
    批次暂停 138s（已处理 2670 只）...
    批次暂停 131s（已处理 2680 只）...
    批次暂停 121s（已处理 2690 只）...
    进度: 2700/5552  成功=678  失败=2022  无数据=0  已用 177517s  预计还需 187510s
    批次暂停 134s（已处理 2700 只）...
    批次暂停 134s（已处理 2710 只）...
    批次暂停 136s（已处理 2720 只）...
    批次暂停 125s（已处理 2730 只）...
    批次暂停 137s（已处理 2740 只）...
    进度: 2750/5552  成功=728  失败=2022  无数据=0  已用 178395s  预计还需 181768s
    批次暂停 133s（已处理 2750 只）...
    批次暂停 127s（已处理 2760 只）...
    批次暂停 120s（已处理 2770 只）...
    批次暂停 135s（已处理 2780 只）...
    批次暂停 128s（已处理 2790 只）...
    进度: 2800/5552  成功=778  失败=2022  无数据=0  已用 179242s  预计还需 176170s
    批次暂停 130s（已处理 2800 只）...
    批次暂停 126s（已处理 2810 只）...
    批次暂停 124s（已处理 2820 只）...
    批次暂停 122s（已处理 2830 只）...
    批次暂停 136s（已处理 2840 只）...
    进度: 2850/5552  成功=828  失败=2022  无数据=0  已用 180092s  预计还需 170740s
    批次暂停 124s（已处理 2850 只）...
    批次暂停 138s（已处理 2860 只）...
    批次暂停 136s（已处理 2870 只）...
    批次暂停 122s（已处理 2880 只）...
    批次暂停 131s（已处理 2890 只）...
    进度: 2900/5552  成功=878  失败=2022  无数据=0  已用 180958s  预计还需 165483s
    批次暂停 129s（已处理 2900 只）...
    批次暂停 125s（已处理 2910 只）...
    批次暂停 134s（已处理 2920 只）...
    批次暂停 121s（已处理 2930 只）...
    批次暂停 139s（已处理 2940 只）...
    进度: 2950/5552  成功=928  失败=2022  无数据=0  已用 181815s  预计还需 160367s
    批次暂停 137s（已处理 2950 只）...
    批次暂停 125s（已处理 2960 只）...
    批次暂停 133s（已处理 2970 只）...
    批次暂停 137s（已处理 2980 只）...
    批次暂停 139s（已处理 2990 只）...
    进度: 3000/5552  成功=978  失败=2022  无数据=0  已用 182695s  预计还需 155412s
    批次暂停 127s（已处理 3000 只）...
    批次暂停 130s（已处理 3010 只）...
    批次暂停 131s（已处理 3020 只）...
    批次暂停 124s（已处理 3030 只）...
    批次暂停 137s（已处理 3040 只）...
    进度: 3050/5552  成功=1028  失败=2022  无数据=0  已用 183549s  预计还需 150571s
    批次暂停 136s（已处理 3050 只）...
    批次暂停 136s（已处理 3060 只）...
    批次暂停 135s（已处理 3070 只）...
    批次暂停 123s（已处理 3080 只）...
    批次暂停 126s（已处理 3090 只）...
    进度: 3100/5552  成功=1078  失败=2022  无数据=0  已用 184416s  预计还需 145867s
    批次暂停 132s（已处理 3100 只）...
    批次暂停 124s（已处理 3110 只）...
    批次暂停 134s（已处理 3120 只）...
    批次暂停 136s（已处理 3130 只）...
    批次暂停 125s（已处理 3140 只）...
    进度: 3150/5552  成功=1128  失败=2022  无数据=0  已用 185280s  预计还需 141283s
    批次暂停 139s（已处理 3150 只）...
    批次暂停 137s（已处理 3160 只）...
    批次暂停 124s（已处理 3170 只）...
    批次暂停 139s（已处理 3180 只）...
    批次暂停 134s（已处理 3190 只）...
    进度: 3200/5552  成功=1178  失败=2022  无数据=0  已用 186157s  预计还需 136826s
    批次暂停 138s（已处理 3200 只）...
    批次暂停 138s（已处理 3210 只）...
    批次暂停 120s（已处理 3220 只）...
    批次暂停 126s（已处理 3230 只）...
    批次暂停 120s（已处理 3240 只）...
    进度: 3250/5552  成功=1228  失败=2022  无数据=0  已用 187012s  预计还需 132462s
    批次暂停 134s（已处理 3250 只）...
    批次暂停 136s（已处理 3260 只）...
    批次暂停 133s（已处理 3270 只）...
    批次暂停 123s（已处理 3280 只）...
    批次暂停 138s（已处理 3290 只）...
    进度: 3300/5552  成功=1278  失败=2022  无数据=0  已用 187894s  预计还需 128223s
    批次暂停 138s（已处理 3300 只）...
    批次暂停 134s（已处理 3310 只）...
    批次暂停 137s（已处理 3320 只）...
    批次暂停 121s（已处理 3330 只）...
    批次暂停 136s（已处理 3340 只）...
    进度: 3350/5552  成功=1328  失败=2022  无数据=0  已用 188767s  预计还需 124079s
    批次暂停 136s（已处理 3350 只）...
    批次暂停 135s（已处理 3360 只）...
    批次暂停 139s（已处理 3370 只）...
    批次暂停 132s（已处理 3380 只）...
    批次暂停 121s（已处理 3390 只）...
    进度: 3400/5552  成功=1378  失败=2022  无数据=0  已用 189638s  预计还需 120030s
    批次暂停 122s（已处理 3400 只）...
    批次暂停 140s（已处理 3410 只）...
    批次暂停 125s（已处理 3420 只）...
    批次暂停 124s（已处理 3430 只）...
    批次暂停 136s（已处理 3440 只）...
    进度: 3450/5552  成功=1428  失败=2022  无数据=0  已用 190501s  预计还需 116067s
    批次暂停 135s（已处理 3450 只）...
    批次暂停 138s（已处理 3460 只）...
    批次暂停 135s（已处理 3470 只）...
    批次暂停 129s（已处理 3480 只）...
    批次暂停 122s（已处理 3490 只）...
    进度: 3500/5552  成功=1478  失败=2022  无数据=0  已用 191369s  预计还需 112197s
    批次暂停 120s（已处理 3500 只）...
    批次暂停 138s（已处理 3510 只）...
    批次暂停 121s（已处理 3520 只）...
    批次暂停 122s（已处理 3530 只）...
    批次暂停 138s（已处理 3540 只）...
    进度: 3550/5552  成功=1528  失败=2022  无数据=0  已用 192222s  预计还需 108402s
    批次暂停 132s（已处理 3550 只）...
    批次暂停 137s（已处理 3560 只）...
    批次暂停 130s（已处理 3570 只）...
    批次暂停 123s（已处理 3580 只）...
    批次暂停 130s（已处理 3590 只）...
    进度: 3600/5552  成功=1578  失败=2022  无数据=0  已用 193085s  预计还需 104695s
    批次暂停 120s（已处理 3600 只）...
    批次暂停 129s（已处理 3610 只）...
    批次暂停 134s（已处理 3620 只）...
    批次暂停 123s（已处理 3630 只）...
    批次暂停 125s（已处理 3640 只）...
    进度: 3650/5552  成功=1628  失败=2022  无数据=0  已用 193920s  预计还需 101051s
    批次暂停 125s（已处理 3650 只）...
    批次暂停 136s（已处理 3660 只）...
    批次暂停 130s（已处理 3670 只）...
    批次暂停 130s（已处理 3680 只）...
    批次暂停 134s（已处理 3690 只）...
    进度: 3700/5552  成功=1678  失败=2022  无数据=0  已用 194784s  预计还需 97497s
    批次暂停 125s（已处理 3700 只）...
    批次暂停 131s（已处理 3710 只）...
    批次暂停 128s（已处理 3720 只）...
    批次暂停 126s（已处理 3730 只）...
    批次暂停 129s（已处理 3740 只）...
    进度: 3750/5552  成功=1728  失败=2022  无数据=0  已用 195633s  预计还需 94008s
    批次暂停 129s（已处理 3750 只）...
    批次暂停 139s（已处理 3760 只）...
    批次暂停 135s（已处理 3770 只）...
    批次暂停 122s（已处理 3780 只）...
    批次暂停 133s（已处理 3790 只）...
    进度: 3800/5552  成功=1778  失败=2022  无数据=0  已用 196508s  预计还需 90600s
    批次暂停 131s（已处理 3800 只）...
    批次暂停 129s（已处理 3810 只）...
    批次暂停 132s（已处理 3820 只）...
    批次暂停 140s（已处理 3830 只）...
    批次暂停 134s（已处理 3840 只）...
    进度: 3850/5552  成功=1828  失败=2022  无数据=0  已用 197380s  预计还需 87257s
    批次暂停 135s（已处理 3850 只）...
    批次暂停 134s（已处理 3860 只）...
    批次暂停 139s（已处理 3870 只）...
    批次暂停 124s（已处理 3880 只）...
    批次暂停 132s（已处理 3890 只）...
    进度: 3900/5552  成功=1878  失败=2022  无数据=0  已用 198262s  预计还需 83982s
    批次暂停 122s（已处理 3900 只）...
    批次暂停 125s（已处理 3910 只）...
    批次暂停 131s（已处理 3920 只）...
    批次暂停 131s（已处理 3930 只）...
    批次暂停 140s（已处理 3940 只）...
    进度: 3950/5552  成功=1928  失败=2022  无数据=0  已用 199119s  预计还需 80757s
    批次暂停 131s（已处理 3950 只）...
    批次暂停 139s（已处理 3960 只）...
    批次暂停 130s（已处理 3970 只）...
    批次暂停 131s（已处理 3980 只）...
    批次暂停 125s（已处理 3990 只）...
    进度: 4000/5552  成功=1978  失败=2022  无数据=0  已用 199986s  预计还需 77595s
    批次暂停 138s（已处理 4000 只）...
    批次暂停 134s（已处理 4010 只）...
    批次暂停 124s（已处理 4020 只）...
    批次暂停 122s（已处理 4030 只）...
    批次暂停 126s（已处理 4040 只）...
    进度: 4050/5552  成功=2028  失败=2022  无数据=0  已用 200836s  预计还需 74483s
    批次暂停 137s（已处理 4050 只）...
    批次暂停 135s（已处理 4060 只）...
    批次暂停 134s（已处理 4070 只）...
    批次暂停 132s（已处理 4080 只）...
    批次暂停 129s（已处理 4090 只）...
    进度: 4100/5552  成功=2078  失败=2022  无数据=0  已用 201718s  预计还需 71438s
    批次暂停 129s（已处理 4100 只）...
    批次暂停 140s（已处理 4110 只）...
    批次暂停 139s（已处理 4120 只）...
    批次暂停 137s（已处理 4130 只）...
    批次暂停 138s（已处理 4140 只）...
    进度: 4150/5552  成功=2128  失败=2022  无数据=0  已用 202617s  预计还需 68450s
    批次暂停 126s（已处理 4150 只）...
    批次暂停 121s（已处理 4160 只）...
    批次暂停 123s（已处理 4170 只）...
    批次暂停 136s（已处理 4180 只）...
    批次暂停 125s（已处理 4190 只）...
    进度: 4200/5552  成功=2178  失败=2022  无数据=0  已用 203457s  预计还需 65494s
    批次暂停 130s（已处理 4200 只）...
    批次暂停 128s（已处理 4210 只）...
    批次暂停 130s（已处理 4220 只）...
    批次暂停 125s（已处理 4230 只）...
    批次暂停 127s（已处理 4240 只）...
    进度: 4250/5552  成功=2228  失败=2022  无数据=0  已用 204301s  预计还需 62588s
    批次暂停 122s（已处理 4250 只）...
    批次暂停 129s（已处理 4260 只）...
    批次暂停 120s（已处理 4270 只）...
    批次暂停 125s（已处理 4280 只）...
    批次暂停 125s（已处理 4290 只）...
    进度: 4300/5552  成功=2278  失败=2022  无数据=0  已用 205133s  预计还需 59727s
    批次暂停 128s（已处理 4300 只）...
    批次暂停 131s（已处理 4310 只）...
    批次暂停 124s（已处理 4320 只）...
    批次暂停 132s（已处理 4330 只）...
    批次暂停 136s（已处理 4340 只）...
    进度: 4350/5552  成功=2328  失败=2022  无数据=0  已用 205996s  预计还需 56921s
    批次暂停 136s（已处理 4350 只）...
    批次暂停 136s（已处理 4360 只）...
    批次暂停 137s（已处理 4370 只）...
    批次暂停 132s（已处理 4380 只）...
    批次暂停 135s（已处理 4390 只）...
    进度: 4400/5552  成功=2378  失败=2022  无数据=0  已用 206879s  预计还需 54165s
    批次暂停 125s（已处理 4400 只）...
    批次暂停 132s（已处理 4410 只）...
    批次暂停 126s（已处理 4420 只）...
    批次暂停 138s（已处理 4430 只）...
    批次暂停 121s（已处理 4440 只）...
    进度: 4450/5552  成功=2428  失败=2022  无数据=0  已用 207739s  预计还需 51444s
    批次暂停 131s（已处理 4450 只）...
    批次暂停 123s（已处理 4460 只）...
    批次暂停 121s（已处理 4470 只）...
    批次暂停 128s（已处理 4480 只）...
    批次暂停 126s（已处理 4490 只）...
    进度: 4500/5552  成功=2478  失败=2022  无数据=0  已用 208577s  预计还需 48761s
    批次暂停 128s（已处理 4500 只）...
    批次暂停 128s（已处理 4510 只）...
    批次暂停 135s（已处理 4520 只）...
    批次暂停 132s（已处理 4530 只）...
    批次暂停 130s（已处理 4540 只）...
    进度: 4550/5552  成功=2528  失败=2022  无数据=0  已用 209445s  预计还需 46124s
    批次暂停 135s（已处理 4550 只）...
    批次暂停 126s（已处理 4560 只）...
    批次暂停 136s（已处理 4570 只）...
    批次暂停 121s（已处理 4580 只）...
    批次暂停 123s（已处理 4590 只）...
    进度: 4600/5552  成功=2578  失败=2022  无数据=0  已用 210292s  预计还需 43521s
    批次暂停 133s（已处理 4600 只）...
    批次暂停 124s（已处理 4610 只）...
    批次暂停 123s（已处理 4620 只）...
    批次暂停 125s（已处理 4630 只）...
    批次暂停 125s（已处理 4640 只）...
    进度: 4650/5552  成功=2628  失败=2022  无数据=0  已用 211138s  预计还需 40956s
    批次暂停 135s（已处理 4650 只）...
    批次暂停 126s（已处理 4660 只）...
    批次暂停 136s（已处理 4670 只）...
    批次暂停 135s（已处理 4680 只）...
    批次暂停 123s（已处理 4690 只）...
    进度: 4700/5552  成功=2678  失败=2022  无数据=0  已用 211997s  预计还需 38430s
    批次暂停 139s（已处理 4700 只）...
    批次暂停 133s（已处理 4710 只）...
    批次暂停 130s（已处理 4720 只）...
    批次暂停 137s（已处理 4730 只）...
    批次暂停 123s（已处理 4740 只）...
    进度: 4750/5552  成功=2728  失败=2022  无数据=0  已用 212865s  预计还需 35941s
    批次暂停 140s（已处理 4750 只）...
    批次暂停 125s（已处理 4760 只）...
    批次暂停 128s（已处理 4770 只）...
    批次暂停 123s（已处理 4780 只）...
    批次暂停 135s（已处理 4790 只）...
    进度: 4800/5552  成功=2778  失败=2022  无数据=0  已用 213730s  预计还需 33484s
    批次暂停 139s（已处理 4800 只）...
    批次暂停 137s（已处理 4810 只）...
    批次暂停 139s（已处理 4820 只）...
    批次暂停 133s（已处理 4830 只）...
    批次暂停 121s（已处理 4840 只）...
    进度: 4850/5552  成功=2828  失败=2022  无数据=0  已用 214611s  预计还需 31063s
    批次暂停 122s（已处理 4850 只）...
    批次暂停 133s（已处理 4860 只）...
    批次暂停 123s（已处理 4870 只）...
    批次暂停 127s（已处理 4880 只）...
    批次暂停 134s（已处理 4890 只）...
    进度: 4900/5552  成功=2878  失败=2022  无数据=0  已用 215468s  预计还需 28670s
    批次暂停 138s（已处理 4900 只）...
    批次暂停 130s（已处理 4910 只）...
    批次暂停 127s（已处理 4920 只）...
    批次暂停 127s（已处理 4930 只）...
    批次暂停 138s（已处理 4940 只）...
    进度: 4950/5552  成功=2928  失败=2022  无数据=0  已用 216342s  预计还需 26311s
    批次暂停 129s（已处理 4950 只）...
    批次暂停 124s（已处理 4960 只）...
    批次暂停 122s（已处理 4970 只）...
    批次暂停 135s（已处理 4980 只）...
    批次暂停 139s（已处理 4990 只）...
    进度: 5000/5552  成功=2978  失败=2022  无数据=0  已用 217199s  预计还需 23979s
    批次暂停 136s（已处理 5000 只）...
    批次暂停 129s（已处理 5010 只）...
    批次暂停 140s（已处理 5020 只）...
    批次暂停 131s（已处理 5030 只）...
    批次暂停 133s（已处理 5040 只）...
    进度: 5050/5552  成功=3028  失败=2022  无数据=0  已用 218075s  预计还需 21678s
    批次暂停 124s（已处理 5050 只）...
    批次暂停 134s（已处理 5060 只）...
    批次暂停 138s（已处理 5070 只）...
    批次暂停 125s（已处理 5080 只）...
    批次暂停 120s（已处理 5090 只）...
    进度: 5100/5552  成功=3078  失败=2022  无数据=0  已用 218926s  预计还需 19403s
    批次暂停 125s（已处理 5100 只）...
    批次暂停 134s（已处理 5110 只）...
    批次暂停 138s（已处理 5120 只）...
    批次暂停 127s（已处理 5130 只）...
    批次暂停 122s（已处理 5140 只）...
    进度: 5150/5552  成功=3128  失败=2022  无数据=0  已用 219790s  预计还需 17156s
    批次暂停 131s（已处理 5150 只）...
    批次暂停 125s（已处理 5160 只）...
    批次暂停 130s（已处理 5170 只）...
    批次暂停 133s（已处理 5180 只）...
    批次暂停 129s（已处理 5190 只）...
    进度: 5200/5552  成功=3178  失败=2022  无数据=0  已用 220654s  预计还需 14937s
    批次暂停 122s（已处理 5200 只）...
    批次暂停 137s（已处理 5210 只）...
    批次暂停 130s（已处理 5220 只）...
    批次暂停 136s（已处理 5230 只）...
    批次暂停 135s（已处理 5240 只）...
    进度: 5250/5552  成功=3187  失败=2022  无数据=41  已用 221532s  预计还需 12743s
    批次暂停 134s（已处理 5250 只）...
    批次暂停 132s（已处理 5260 只）...
    批次暂停 139s（已处理 5270 只）...
    批次暂停 130s（已处理 5280 只）...
    批次暂停 121s（已处理 5290 只）...
    进度: 5300/5552  成功=3237  失败=2022  无数据=41  已用 222394s  预计还需 10574s
    批次暂停 120s（已处理 5300 只）...
    批次暂停 128s（已处理 5310 只）...
    批次暂停 135s（已处理 5320 只）...
    批次暂停 131s（已处理 5330 只）...
    批次暂停 138s（已处理 5340 只）...
    进度: 5350/5552  成功=3287  失败=2022  无数据=41  已用 223258s  预计还需 8430s
    批次暂停 122s（已处理 5350 只）...
    批次暂停 123s（已处理 5360 只）...
    批次暂停 122s（已处理 5370 只）...
    批次暂停 138s（已处理 5380 只）...
    批次暂停 127s（已处理 5390 只）...
    进度: 5400/5552  成功=3337  失败=2022  无数据=41  已用 224102s  预计还需 6308s
    批次暂停 123s（已处理 5400 只）...
    批次暂停 135s（已处理 5410 只）...
    批次暂停 134s（已处理 5420 只）...
    批次暂停 121s（已处理 5430 只）...
    批次暂停 122s（已处理 5440 只）...
    进度: 5450/5552  成功=3387  失败=2022  无数据=41  已用 224942s  预计还需 4210s
    批次暂停 136s（已处理 5450 只）...
    批次暂停 127s（已处理 5460 只）...
    批次暂停 138s（已处理 5470 只）...
    批次暂停 124s（已处理 5480 只）...
    批次暂停 126s（已处理 5490 只）...
    进度: 5500/5552  成功=3437  失败=2022  无数据=41  已用 225808s  预计还需 2135s
    批次暂停 120s（已处理 5500 只）...
    批次暂停 139s（已处理 5510 只）...
    批次暂停 124s（已处理 5520 只）...
    批次暂停 136s（已处理 5530 只）...
    批次暂停 123s（已处理 5540 只）...
    进度: 5550/5552  成功=3487  失败=2022  无数据=41  已用 226664s  预计还需 82s
    批次暂停 128s（已处理 5550 只）...
Traceback (most recent call last):
  File "E:\My Code\ProBigA\tools\backfill_capital_flow.py", line 257, in <module>
    main()
    ~~~~^^
  File "E:\My Code\ProBigA\tools\backfill_capital_flow.py", line 244, in main
    _backfill_one_day(engine, d, stock_codes)
    ~~~~~~~~~~~~~~~~~^^^^^^^^^^^^^^^^^^^^^^^^
  File "E:\My Code\ProBigA\tools\backfill_capital_flow.py", line 202, in _backfill_one_day
    print(f"  \u2705 {target_date} 写入 {len(df)} 条  成功={success}  失败={failed}  无数据={no_data}  耗时 {elapsed:.0f}s ({elapsed/60:.1f}min)")
    ~~~~~^^^^^^^^^^^^^^^^^^^^^^^^^^^^^^^^^^^^^^^^^^^^^^^^^^^^^^^^^^^^^^^^^^^^^^^^^^^^^^^^^^^^^^^^^^^^^^^^^^^^^^^^^^^^^^^^^^^^^^^^^^^^^^^^^^^^^
UnicodeEncodeError: 'gbk' codec can't encode character '\u2705' in position 2: illegal multibyte sequence
